MO project1 NULL project1.v vlg68/project1.bin 1457757013
MO output_part NULL output_part.v vlg2B/output__part.bin 1457757013
MO input_part NULL input_part.v vlg32/input__part.bin 1457757013
MO sorting_part NULL sorting_part.v vlg18/sorting__part.bin 1457757013
MO test_project1 NULL test_project1.v vlg6B/test__project1.bin 1457729747
